// Jest Snapshot v1, https://goo.gl/fbAQLP

exports[`<Search>  should test the NewsTile Snapshot 1`] = `
<div
  className="sc-gzVnrw ddkUmy"
>
  <div>
    <div
      className="sc-iwsKbI eSJicE"
    />
    <h2
      className="sc-EHOje btWVAQ"
    >
      What health data do you need? 
    </h2>
    <div
      className="sc-htoDjs dPlVZm"
    />
    <div
      className="bx--search bx--search--xl sc-kEYyzF gfWKdx"
    >
      <svg
        aria-hidden={true}
        className="bx--search-magnifier"
        focusable="false"
        height={16}
        preserveAspectRatio="xMidYMid meet"
        style={
          Object {
            "willChange": "transform",
          }
        }
        viewBox="0 0 16 16"
        width={16}
        xmlns="http://www.w3.org/2000/svg"
      >
        <path
          d="M15 14.3L10.7 10c1.9-2.3 1.6-5.8-.7-7.7S4.2.7 2.3 3 .7 8.8 3 10.7c2 1.7 5 1.7 7 0l4.3 4.3.7-.7zM2 6.5C2 4 4 2 6.5 2S11 4 11 6.5 9 11 6.5 11 2 9 2 6.5z"
        />
      </svg>
      <label
        className="bx--label"
        htmlFor="search__input__id_gtc5bjv97x"
      >
        Search
      </label>
      <input
        className="bx--search-input"
        id="search__input__id_gtc5bjv97x"
        onChange={[Function]}
        placeholder=""
        type="text"
      />
      <button
        aria-label="Clear search input"
        className="bx--search-close bx--search-close--hidden"
        onClick={[Function]}
        type="button"
      >
        <svg
          aria-hidden={true}
          focusable="false"
          height={20}
          preserveAspectRatio="xMidYMid meet"
          style={
            Object {
              "willChange": "transform",
            }
          }
          viewBox="0 0 32 32"
          width={20}
          xmlns="http://www.w3.org/2000/svg"
        >
          <path
            d="M24 9.4L22.6 8 16 14.6 9.4 8 8 9.4l6.6 6.6L8 22.6 9.4 24l6.6-6.6 6.6 6.6 1.4-1.4-6.6-6.6L24 9.4z"
          />
        </svg>
      </button>
    </div>
  </div>
</div>
`;
