// Jest Snapshot v1, https://goo.gl/fbAQLP

exports[`<Header>  should test the Header Snapshot 1`] = `
<header
  aria-label="HDR UK Innovation Gateway"
  className="bx--header sc-cvbbAY gKHbXx"
  role="banner"
>
  <a
    href="/"
    onClick={[Function]}
  >
    <img
      className="sc-kGXeez sc-cMljjf ktqdmc"
      src="hdruk_logo_white.png"
    />
  </a>
  <h2
    className="sc-bwzfXH sc-htpNat sc-bxivhb jNUJgX"
  >
    Innovation Gateway
  </h2>
</header>
`;
