// Jest Snapshot v1, https://goo.gl/fbAQLP

exports[`<LandingPage>  should test the LandingPage Snapshot 1`] = `
Array [
  <div
    className="sc-iwsKbI kOWQtT"
  />,
  <div
    className="sc-htoDjs dtAbCu"
  >
    <text
      className="sc-EHOje cUVptH"
    >
      <h1
        className="sc-bdVaJa hSReXH"
      >
        Log in to access our datasets
      </h1>
      <div
        className="sc-iwsKbI kOWQtT"
      />
      <div
        className="sc-htoDjs dtAbCu"
      >
        <button
          className="sc-hSdWYo kgbWYs bx--btn bx--btn--primary"
          disabled={false}
          tabIndex={0}
          type="button"
        >
          Log in
        </button>
        <div
          className="sc-dnqmqq dlGTFF"
        />
        <a
          href="/search"
          onClick={[Function]}
        >
          <button
            className="sc-hSdWYo kgbWYs bx--btn bx--btn--secondary"
            disabled={false}
            tabIndex={0}
            type="button"
          >
            Continue without logging in
          </button>
        </a>
      </div>
      <div
        className="sc-gZMcBi jYAjms"
      />
    </text>
  </div>,
  <text
    className="sc-EHOje cUVptH"
  >
    <h2
      className="sc-bwzfXH gshKuR"
    >
      What is the Innovation Gateway
    </h2>
    <div
      className="sc-dnqmqq dlGTFF"
    />
    <text
      className="sc-EHOje cUVptH"
    >
      <p
        className="sc-ifAKCX hSPtPb"
      >
        Lorem ipsum dolor sit amet, consectetur adipiscing elit, sed do eiusmod tempor incididunt ut labore et dolore magna aliqua. Ut enim ad minim veniam, quis nostrud exercitation ullamco laboris nisi ut aliquip ex ea commodo consequat. Duis aute irure dolor in reprehenderit in voluptate velit esse cillum dolore eu fugiat nulla pariatur. Excepteur sint occaecat cupidatat non proident, sunt in culpa qui officia deserunt mollit anim id est laborum.
      </p>
    </text>
  </text>,
  <div
    className="sc-dnqmqq dlGTFF"
  />,
  <div
    className="sc-kEYyzF dPKAJW"
  >
    <img
      className="sc-kkGfuU dsSJCT"
      src="hdruk_black.png"
    />
    <img
      className="sc-kkGfuU dsSJCT"
      src="hdruk_black.png"
    />
    <img
      className="sc-kkGfuU dsSJCT"
      src="hdruk_black.png"
    />
  </div>,
  <div
    className="sc-dnqmqq dlGTFF"
  />,
  <h2
    className="sc-bwzfXH gshKuR"
  >
    HDR News
  </h2>,
  <div
    className="sc-dnqmqq dlGTFF"
  />,
  <div>
    <div
      className="sc-iAyFgw dMPTmX"
    >
      <div
        className="sc-dxgOiQ eJgKXn"
      >
        <div
          className="sc-ckVGcZ ObcPe"
          src=""
        />
        <div
          className="sc-jKJlTe kCudHY"
        >
          <div
            className="sc-eNQAEJ cuBSny"
          >
            HDR release news of new partners in exciting new digital project
          </div>
          <a
            className="sc-hMqMXs jGyQhK"
            href="http://localhost:3000"
          >
            Read more
          </a>
        </div>
      </div>
    </div>
    <div
      className="sc-iAyFgw dMPTmX"
    >
      <div
        className="sc-dxgOiQ eJgKXn"
      >
        <div
          className="sc-ckVGcZ ObcPe"
          src=""
        />
        <div
          className="sc-jKJlTe kCudHY"
        >
          <div
            className="sc-eNQAEJ cuBSny"
          >
            HDR release news of new partners in exciting new digital project
          </div>
          <a
            className="sc-hMqMXs jGyQhK"
            href="http://localhost:3000"
          >
            Read more
          </a>
        </div>
      </div>
    </div>
    <div
      className="sc-iAyFgw dMPTmX"
    >
      <div
        className="sc-dxgOiQ eJgKXn"
      >
        <div
          className="sc-ckVGcZ ObcPe"
          src=""
        />
        <div
          className="sc-jKJlTe kCudHY"
        >
          <div
            className="sc-eNQAEJ cuBSny"
          >
            HDR release news of new partners in exciting new digital project
          </div>
          <a
            className="sc-hMqMXs jGyQhK"
            href="http://localhost:3000"
          >
            Read more
          </a>
        </div>
      </div>
    </div>
  </div>,
  <div
    className="sc-dnqmqq dlGTFF"
  />,
  <text
    className="sc-EHOje cUVptH"
  >
    <h2
      className="sc-bwzfXH gshKuR"
    >
      Guidelines for using the Innovation Gateway
    </h2>
    <div
      className="sc-dnqmqq dlGTFF"
    />
    <text
      className="sc-EHOje cUVptH"
    >
      <p
        className="sc-ifAKCX hSPtPb"
      >
        Lorem ipsum dolor sit amet, consectetur adipiscing elit, sed do eiusmod tempor incididunt ut labore et dolore magna aliqua. Ut enim ad minim veniam, quis nostrud exercitation ullamco laboris nisi ut aliquip ex ea commodo consequat.
      </p>
    </text>
    <ul
      className="bx--list--unordered sc-eHgmQL bPaHwg"
    >
      <li
        className="sc-bZQynM hRgGJr"
      >
        Lorem ipsum
      </li>
      <li
        className="sc-bZQynM hRgGJr"
      >
        Lorem ipsum
      </li>
      <li
        className="sc-bZQynM hRgGJr"
      >
        Lorem ipsum
      </li>
    </ul>
    <div
      className="sc-iwsKbI kOWQtT"
    />
    <h2
      className="sc-bwzfXH gshKuR"
    >
      Help using the Innovation Gateway
    </h2>
    <div
      className="sc-dnqmqq dlGTFF"
    />
    <text
      className="sc-EHOje cUVptH"
    >
      <p
        className="sc-ifAKCX hSPtPb"
      >
        There are several ways to get help using the Innovation Gateway
      </p>
    </text>
  </text>,
  <ul
    className="bx--list--unordered sc-eHgmQL bPaHwg"
  >
    <li
      className="sc-bZQynM hRgGJr"
    >
      <a
        className="sc-gzVnrw hGlsen"
      >
        Frequently asked questions
      </a>
    </li>
    <li
      className="sc-bZQynM hRgGJr"
    >
      <a
        className="sc-gzVnrw hGlsen"
      >
        Forum
      </a>
    </li>
    <li
      className="sc-bZQynM hRgGJr"
    >
      <a
        className="sc-gzVnrw hGlsen"
      >
        Get in touch with HDR UK
      </a>
    </li>
  </ul>,
]
`;
