// Jest Snapshot v1, https://goo.gl/fbAQLP

exports[`<Login>  should test the Login Snapshot 1`] = `
<div
  className="sc-htoDjs dtAbCu"
>
  <text
    className="sc-EHOje cUVptH"
  >
    <h1
      className="sc-bdVaJa hSReXH"
    >
      Log in to access our datasets
    </h1>
    <div
      className="sc-iwsKbI kOWQtT"
    />
    <div
      className="sc-htoDjs dtAbCu"
    >
      <button
        className="sc-jKJlTe gcTxff bx--btn bx--btn--primary"
        disabled={false}
        tabIndex={0}
        type="button"
      >
        Log in
      </button>
      <div
        className="sc-dnqmqq dlGTFF"
      />
      <a
        href="/search"
        onClick={[Function]}
      >
        <button
          className="sc-jKJlTe gcTxff bx--btn bx--btn--secondary"
          disabled={false}
          tabIndex={0}
          type="button"
        >
          Continue without logging in
        </button>
      </a>
    </div>
    <div
      className="sc-gZMcBi jYAjms"
    />
  </text>
</div>
`;
