// Jest Snapshot v1, https://goo.gl/fbAQLP

exports[`<NewsTile>  should test the NewsTile Snapshot 1`] = `
<div
  className="sc-kgoBCf iJneFj"
>
  <div
    className="sc-kGXeez hMHclY"
    src="test"
  />
  <div
    className="sc-kpOJdX lopmEl"
  >
    <div
      className="sc-dxgOiQ kVLemx"
    >
      test
    </div>
    <a
      className="sc-ckVGcZ khjznS"
      href="test"
    >
      Read more
    </a>
  </div>
</div>
`;
