// Jest Snapshot v1, https://goo.gl/fbAQLP

exports[`<NewsTile>  should test the NewsTile Snapshot 1`] = `
<div
  className="sc-chPdSV jJIBPJ"
>
  <div
    className="sc-kgoBCf bhNzTN"
    src="test"
  />
  <div
    className="sc-kGXeez iBKkUD"
  >
    <div
      className="sc-kpOJdX iMDLaJ"
    >
      test
    </div>
    <a
      className="sc-dxgOiQ gMhxSk"
      href="test"
    >
      Read more
    </a>
  </div>
</div>
`;
